../Core/Src/main.c:85:6:HAL_TIM_PeriodElapsedCallback	24	static
../Core/Src/main.c:101:6:HAL_GPIO_EXTI_Callback	24	static
../Core/Src/main.c:108:6:HAL_I2C_MemRxCpltCallback	24	static
../Core/Src/main.c:145:5:main	32	static
../Core/Src/main.c:240:6:SystemClock_Config	96	static
../Core/Src/main.c:287:13:MX_I2C1_Init	8	static
../Core/Src/main.c:332:13:MX_TIM16_Init	8	static
../Core/Src/main.c:362:13:MX_TIM17_Init	8	static
../Core/Src/main.c:392:13:MX_USART2_UART_Init	8	static
../Core/Src/main.c:425:13:MX_GPIO_Init	48	static
../Core/Src/main.c:474:6:Error_Handler	4	static,ignoring_inline_asm
